[     285ms] [WARNING] Multiple GoTrueClient instances detected in the same browser context. It is not an error, but this should be avoided as it may produce undefined behavior when used concurrently under the same storage key. @ https://21st.dev/_next/static/chunks/39645-c444f5370daa6b28.js:5
[     685ms] [WARNING] [PostHog.js] You have already initialized PostHog! Re-initializing is a no-op @ https://21st.dev/_next/static/chunks/2d2d3c67-4d6f2c780fa8c97c.js:0
[     770ms] [ERROR] Failed to load resource: the server responded with a status of 404 () @ https://pbs.twimg.com/profile_images/1906333072863182848/-A67KlMP_400x400.jpg:0
[     884ms] [WARNING] [PostHog.js] You have already initialized PostHog! Re-initializing is a no-op @ https://21st.dev/_next/static/chunks/2d2d3c67-4d6f2c780fa8c97c.js:0
[     973ms] [LOG] [Featurebase SDK] Initializing SDK! @ https://do.featurebase.app/js/sdk.js:240
[    1059ms] [LOG] [Featurebase SDK] Messenger initialization already in progress, checking if data changed @ https://do.featurebase.app/js/sdk.js:240
[    1059ms] [LOG] [Featurebase SDK] Data changed, canceling previous request @ https://do.featurebase.app/js/sdk.js:240
[    1059ms] [LOG] [Featurebase SDK] Previous request canceled due to new request @ https://do.featurebase.app/js/sdk.js:240
[    1087ms] [LOG] [Featurebase SDK] Messenger initialization already in progress, checking if data changed @ https://do.featurebase.app/js/sdk.js:240
[    1087ms] [LOG] [Featurebase SDK] Data changed, canceling previous request @ https://do.featurebase.app/js/sdk.js:240
[    1087ms] [LOG] [Featurebase SDK] Previous request canceled due to new request @ https://do.featurebase.app/js/sdk.js:240
[    1111ms] [LOG] [Featurebase SDK] Messenger initialization already in progress, checking if data changed @ https://do.featurebase.app/js/sdk.js:240
[    1111ms] [LOG] [Featurebase SDK] Data changed, canceling previous request @ https://do.featurebase.app/js/sdk.js:240
[    1111ms] [LOG] [Featurebase SDK] Previous request canceled due to new request @ https://do.featurebase.app/js/sdk.js:240
[    1139ms] [LOG] [Featurebase SDK] Messenger initialization already in progress, checking if data changed @ https://do.featurebase.app/js/sdk.js:240
[    1139ms] [LOG] [Featurebase SDK] Same data as previous request, waiting for completion @ https://do.featurebase.app/js/sdk.js:240
[    1168ms] [LOG] [Featurebase SDK] Messenger initialization already in progress, checking if data changed @ https://do.featurebase.app/js/sdk.js:240
[    1168ms] [LOG] [Featurebase SDK] Same data as previous request, waiting for completion @ https://do.featurebase.app/js/sdk.js:240
[    1584ms] [WARNING] An iframe which has both allow-scripts and allow-same-origin for its sandbox attribute can escape its sandboxing. @ https://do.featurebase.app/js/sdk.js:234
[  242547ms] TypeError: t.closest is not a function
    at onMouseLeave (https://21st.dev/_next/static/chunks/5327-b6839f6c4ea3cf93.js:1:108930)
    at s0 (https://21st.dev/_next/static/chunks/2624f00b-c991669fecab1cdb.js:1:151990)
    at https://21st.dev/_next/static/chunks/2624f00b-c991669fecab1cdb.js:1:157878
    at nU (https://21st.dev/_next/static/chunks/2624f00b-c991669fecab1cdb.js:1:20181)
    at s5 (https://21st.dev/_next/static/chunks/2624f00b-c991669fecab1cdb.js:1:153223)
    at fL (https://21st.dev/_next/static/chunks/2624f00b-c991669fecab1cdb.js:1:189200)
    at f_ (https://21st.dev/_next/static/chunks/2624f00b-c991669fecab1cdb.js:1:189115)
[  245734ms] TypeError: t.closest is not a function
    at onMouseLeave (https://21st.dev/_next/static/chunks/5327-b6839f6c4ea3cf93.js:1:108930)
    at s0 (https://21st.dev/_next/static/chunks/2624f00b-c991669fecab1cdb.js:1:151990)
    at https://21st.dev/_next/static/chunks/2624f00b-c991669fecab1cdb.js:1:157878
    at nU (https://21st.dev/_next/static/chunks/2624f00b-c991669fecab1cdb.js:1:20181)
    at s5 (https://21st.dev/_next/static/chunks/2624f00b-c991669fecab1cdb.js:1:153223)
    at fL (https://21st.dev/_next/static/chunks/2624f00b-c991669fecab1cdb.js:1:189200)
    at f_ (https://21st.dev/_next/static/chunks/2624f00b-c991669fecab1cdb.js:1:189115)
